// Jest Snapshot v1, https://goo.gl/fbAQLP

exports[`the button component should render correctly 1`] = `
<DocumentFragment>
  <div
    class="buttonContainer"
  >
    <button
      class="button"
      data-testid="test-btn"
      type="button"
    >
      text
    </button>
  </div>
</DocumentFragment>
`;
