// Jest Snapshot v1, https://goo.gl/fbAQLP

exports[`the Nav component should render correctly 1`] = `
<DocumentFragment>
  <div
    class="NavBar"
    data-testid="test-btn"
  >
    <p>
      <b>
        Record
      </b>
      Shelf
    </p>
  </div>
</DocumentFragment>
`;
