// Jest Snapshot v1, https://goo.gl/fbAQLP

exports[`the HomePage container should render correctly 1`] = `
<DocumentFragment>
  <div
    class="homePage"
    data-testid="test-homepage"
  >
    <div
      class="NavBar"
    >
      <p>
        <b>
          Record
        </b>
        Shelf
      </p>
    </div>
    <div
      class="container"
    >
      <p>
        :((
      </p>
      <br />
      <h3>
        seems a bit empty in here..
      </h3>
      <div
        class="buttonContainer"
      >
        <button
          class="button"
          type="button"
        >
          sync
        </button>
      </div>
    </div>
  </div>
</DocumentFragment>
`;
